start overlap and calculate p-value for cytosine site with cutoff 0.010000 1.000000 0.200000
with replication, run beta-bionormal test
process chrom, chrM	16569	4
process region chrM 0 16569
process chrom, chr1	248956422	4
process region chr1 0 999999
process region chr1 1000000 1999999
34.29user 0.46system 0:39.51elapsed 87%CPU (0avgtext+0avgdata 1222480maxresident)k
4248inputs+0outputs (26major+77481minor)pagefaults 0swaps
start overlap and calculate p-value for cytosine site with cutoff 0.010000 1.000000 0.200000
with replication, run beta-bionormal test
process chrom, chrM	16569	4
process region chrM 0 16569
process chrom, chr1	248956422	4
process region chr1 0 999999
2.76user 0.58system 0:03.78elapsed 88%CPU (0avgtext+0avgdata 1186896maxresident)k
352inputs+0outputs (7major+74243minor)pagefaults 0swaps
